// Jest Snapshot v1, https://goo.gl/fbAQLP

exports[`basic-button renders 1`] = `
<button
  type="button"
>
  test
</button>
`;
